// Jest Snapshot v1, https://goo.gl/fbAQLP

exports[`IconButton component supports SVG icon buttons 1`] = `
"<button
  class=\\"mdc-icon-button foo mdc-ripple-upgraded--unbounded\\"
>
  <svg
    viewBox=\\"0 0 32 32\\"
  >
    <circle
      cx=\\"15\\"
      cy=\\"15\\"
      fill=\\"black\\"
      r=\\"15\\"
      stroke=\\"none\\"
    />
  </svg>
</button>"
`;

exports[`IconButton component supports image icon buttons 1`] = `
"<button
  class=\\"mdc-icon-button mdc-ripple-upgraded--unbounded\\"
>
  <img
    alt=\\"favorite\\"
    src=\\"./img/favorite.png\\"
  />
</button>"
`;

exports[`IconButton component supports material icon buttons 1`] = `
"<button
  class=\\"mdc-icon-button material-icons mdc-ripple-upgraded--unbounded\\"
>
  favorite
</button>"
`;

exports[`IconButton component supports material icon buttons 2`] = `
"<button
  class=\\"mdc-icon-button material-icons mdc-ripple-upgraded--unbounded\\"
>
  favorite
</button>"
`;
